LoginId:5fb1041942d85e784f0cb1bcd81faf0c
EpicAccountId:52a672a127b64806aa48f143baa9dc9f

Assertion failed: bCanProduce || EnumHasAnyFlags(PassFlags, ERDGPassFlags::NeverCull) || PassParameters.HasExternalOutputs() [File:D:\build\++UE5\Sync\Engine\Source\Runtime\RenderCore\Private\RenderGraphValidation.cpp] [Line: 810] 
Pass 'GilbertShaders_Painterly' has no graph parameters defined on its parameter struct and did not specify 'NeverCull'. The pass will always be culled.


UnrealEditor_Core
UnrealEditor_RenderCore
UnrealEditor_RenderCore
UnrealEditor_GilbertShaders!FRDGBuilder::AddPassInternal<FGilbertPainterlyPS::FParameters,`AddDrawScreenPass<FGilbertPainterlyPS>'::`2'::<lambda_1> >() [C:\Program Files\Epic Games\UE_5.7\Engine\Source\Runtime\RenderCore\Public\RenderGraphBuilder.inl:271]
UnrealEditor_GilbertShaders!FGilbertShadersViewExtension::AddGilbertPainterlyPass() [D:\Work\Game Dev\Unreal Projects\Projects-Git\GilbertGame\Plugins\GilbertShaders\Source\GilbertShaders\Private\GilbertShadersViewExtension.cpp:80]
UnrealEditor_GilbertShaders!FGilbertShadersViewExtension::AfterTonemap_RenderThread() [D:\Work\Game Dev\Unreal Projects\Projects-Git\GilbertGame\Plugins\GilbertShaders\Source\GilbertShaders\Private\GilbertShadersViewExtension.cpp:54]
UnrealEditor_GilbertShaders!TBaseRawMethodDelegateInstance<0,FGilbertShadersViewExtension,FScreenPassTexture __cdecl(FRDGBuilder &,FSceneView const &,FPostProcessMaterialInputs const &),FDefaultDelegateUserPolicy>::Execute() [C:\Program Files\Epic Games\UE_5.7\Engine\Source\Runtime\Core\Public\Delegates\DelegateInstancesImpl.h:552]
UnrealEditor_Renderer
UnrealEditor_Renderer
UnrealEditor_Renderer
UnrealEditor_Renderer
UnrealEditor_Renderer
UnrealEditor_Renderer
UnrealEditor_RenderCore
UnrealEditor_RenderCore
UnrealEditor_RenderCore
UnrealEditor_RenderCore
UnrealEditor_Core
UnrealEditor_Core
UnrealEditor_Core
UnrealEditor_RenderCore
UnrealEditor_RenderCore
UnrealEditor_Core
UnrealEditor_Core
kernel32
ntdll